{"logTime": "0416/155323", "correlationVector":"V5YwQpWkKPn/mcLggYJYHO.1","action":"SyncServerConnectionManagerRequest", "result":"SYNC_SERVER_OK", "context":{"environment":"Prod_southeastasia_prod-s01-064-apac-southeastasia", "migrationStage":"NotStarted", "server":"akswtt00000000c"}}
{"logTime": "0416/155323", "correlationVector":"V5YwQpWkKPn/mcLggYJYHO.2","action":"EncryptionKeysManager::SetEncryptionKeys:", "result":"Success", "context":Key names[1]:[tAvEbzg7dk126U0AW0wzxcvbnAVMFYkdP7SSyDh0snuFsEjK1sIOc5Hx+MA7fZYQIqbyZOmiCzVnnIS9ff/XSA==]}
{"logTime": "0416/155323", "correlationVector":"V5YwQpWkKPn/mcLggYJYHO.3","action":"AAD.GetKeyResponse", "result":"Fail", "context":Keys=0.LastKeyStatus=Empty.State=None.Pending NewKey. Tags: . Emails: ["intern.melissa@alto.id"]}
{"logTime": "0416/155323", "correlationVector":"V5YwQpWkKPn/mcLggYJYHO.4","action":"ProcessGetUpdates", "result":"Done", "context":{"dataType":"Encryption Keys", "deleted":"0", "process_failed_to_decrypt":"0", "process_pending_decryption":"0", "process_success":"1", "total":"1"}}
{"logTime": "0416/155324", "correlationVector":"86nbXBxq5/N4EWLsFO0Eti","action":"AAD.Mip.Pack:", "result":"Fail", "context":MIP_CLOUD_COMMERCIAL:Service disabled}
{"logTime": "0416/155324", "correlationVector":"86nbXBxq5/N4EWLsFO0Eti.0","action":"AAD.AddCommitKey", "result":"Fail", "context":MIP service disabled. Tags: . Emails: ["intern.melissa@alto.id"]}
{"logTime": "0502/201528", "correlationVector":"dgWprys/qNVt/EwZQm3gCq.1","action":"SyncServerConnectionManagerRequest", "result":"SYNC_SERVER_OK", "context":{"environment":"Prod_southeastasia_prod-s01-064-apac-southeastasia", "migrationStage":"NotStarted", "server":"akswtt00000000g"}}
{"logTime": "0502/201528", "correlationVector":"dgWprys/qNVt/EwZQm3gCq.2","action":"EncryptionKeysManager::SetEncryptionKeys:", "result":"Success", "context":Key names[1]:[stfNPqFZYrOaJ1eoa0AbS+NYNrrCfq/J/f4CKcsLedS5dPCF/eu/rrOrtcFJSKnOlEklpxhApiIQ79A9ASe7aA==]}
{"logTime": "0502/201528", "correlationVector":"dgWprys/qNVt/EwZQm3gCq.3","action":"AAD.GetKeyResponse", "result":"Fail", "context":Keys=0.LastKeyStatus=Empty.State=None.Pending NewKey. Tags: . Emails: ["intern.melissa@alto.id"]}
{"logTime": "0502/201528", "correlationVector":"dgWprys/qNVt/EwZQm3gCq.4","action":"ProcessGetUpdates", "result":"Done", "context":{"dataType":"Encryption Keys", "deleted":"0", "process_failed_to_decrypt":"0", "process_pending_decryption":"0", "process_success":"1", "total":"1"}}
{"logTime": "0502/201529", "correlationVector":"LgLtqnBb0Qx1ime5ns1gw4","action":"AAD.Mip.Pack:", "result":"Fail", "context":MIP_CLOUD_COMMERCIAL:Service disabled}
{"logTime": "0502/201529", "correlationVector":"LgLtqnBb0Qx1ime5ns1gw4.0","action":"AAD.AddCommitKey", "result":"Fail", "context":MIP service disabled. Tags: . Emails: ["intern.melissa@alto.id"]}
{"logTime": "0502/201644", "correlationVector":"PG/fzbPP8qKa/AiNWBkIKp.1","action":"SyncServerConnectionManagerRequest", "result":"SYNC_SERVER_OK", "context":{"environment":"Prod_southeastasia_prod-s01-064-apac-southeastasia", "migrationStage":"NotStarted", "server":"akswtt00000000l"}}
{"logTime": "0502/201644", "correlationVector":"dgWprys/qNVt/EwZQm3gCq","action":"Initial GetUpdates", "result":"", "context":Reason: NEW_CLIENT. cV=dgWprys/qNVt/EwZQm3gCq}
{"logTime": "0502/201644", "correlationVector":"dgWprys/qNVt/EwZQm3gCq.5","action":"GetUpdates Response", "result":"Success", "context":Received 1 update(s). cV=dgWprys/qNVt/EwZQm3gCq.0;server=akswtt00000000g;cloudType=Multitenant;environment=Prod_southeastasia_prod-s01-064-apac-southeastasia;migrationStage=NotStarted}
{"logTime": "0502/201644", "correlationVector":"PG/fzbPP8qKa/AiNWBkIKp","action":"Initial GetUpdates", "result":"", "context":Reason: NEW_CLIENT. cV=PG/fzbPP8qKa/AiNWBkIKp}
{"logTime": "0502/201644", "correlationVector":"PG/fzbPP8qKa/AiNWBkIKp.2","action":"GetUpdates Response", "result":"Success", "context":Received 0 update(s). cV=PG/fzbPP8qKa/AiNWBkIKp.0;server=akswtt00000000l;cloudType=Multitenant;environment=Prod_southeastasia_prod-s01-064-apac-southeastasia;migrationStage=NotStarted}
{"logTime": "0502/201644", "correlationVector":"p38hSmmJ79N47FeXs9ADbF","action":"Initial GetUpdates", "result":"", "context":Reason: NEW_CLIENT. cV=p38hSmmJ79N47FeXs9ADbF}
{"logTime": "0502/201644", "correlationVector":"p38hSmmJ79N47FeXs9ADbF.1","action":"SyncServerConnectionManagerRequest", "result":"SYNC_SERVER_OK", "context":{"environment":"Prod_southeastasia_prod-s01-064-apac-southeastasia", "migrationStage":"NotStarted", "server":"akswtt00000000r"}}
{"logTime": "0502/201644", "correlationVector":"p38hSmmJ79N47FeXs9ADbF.2","action":"GetUpdates Response", "result":"Success", "context":Received 0 update(s). cV=p38hSmmJ79N47FeXs9ADbF.0;server=akswtt00000000r;cloudType=Multitenant;environment=Prod_southeastasia_prod-s01-064-apac-southeastasia;migrationStage=NotStarted}
{"logTime": "0502/201644", "correlationVector":"mWnstojxpw9mLkBHqyblCS","action":"Initial GetUpdates", "result":"", "context":Reason: NEW_CLIENT. cV=mWnstojxpw9mLkBHqyblCS}
{"logTime": "0502/201644", "correlationVector":"mWnstojxpw9mLkBHqyblCS.1","action":"SyncServerConnectionManagerRequest", "result":"SYNC_SERVER_OK", "context":{"environment":"Prod_southeastasia_prod-s01-064-apac-southeastasia", "migrationStage":"NotStarted", "server":"akswtt00000000g"}}
{"logTime": "0502/201644", "correlationVector":"mWnstojxpw9mLkBHqyblCS.2","action":"ProcessGetUpdates", "result":"Done", "context":{"dataType":"Bookmarks", "deleted":"0", "process_failed_to_decrypt":"0", "process_pending_decryption":"0", "process_success":"6", "total":"6"}}
{"logTime": "0502/201644", "correlationVector":"mWnstojxpw9mLkBHqyblCS.3","action":"GetUpdates Response", "result":"Success", "context":Received 6 update(s). cV=mWnstojxpw9mLkBHqyblCS.0;server=akswtt00000000g;cloudType=Multitenant;environment=Prod_southeastasia_prod-s01-064-apac-southeastasia;migrationStage=NotStarted}
{"logTime": "0502/201644", "correlationVector":"OBqPnItjhK5EONgWaQwd7+","action":"Initial GetUpdates", "result":"", "context":Reason: NEW_CLIENT. cV=OBqPnItjhK5EONgWaQwd7+}
{"logTime": "0502/201644", "correlationVector":"OBqPnItjhK5EONgWaQwd7+.1","action":"SyncServerConnectionManagerRequest", "result":"SYNC_SERVER_OK", "context":{"environment":"Prod_southeastasia_prod-s01-064-apac-southeastasia", "migrationStage":"NotStarted", "server":"akswtt00000000k"}}
{"logTime": "0502/201644", "correlationVector":"OBqPnItjhK5EONgWaQwd7+.2","action":"ProcessGetUpdates", "result":"Done", "context":{"dataType":"Autofill", "deleted":"0", "process_failed_to_decrypt":"0", "process_pending_decryption":"0", "process_success":"1", "total":"1"}}
{"logTime": "0502/201644", "correlationVector":"OBqPnItjhK5EONgWaQwd7+.3","action":"GetUpdates Response", "result":"Success", "context":Received 1 update(s). cV=OBqPnItjhK5EONgWaQwd7+.0;server=akswtt00000000k;cloudType=Multitenant;environment=Prod_southeastasia_prod-s01-064-apac-southeastasia;migrationStage=NotStarted}
{"logTime": "0502/201645", "correlationVector":"tqIqRSA9hRRYbCYTZsMxIe","action":"Initial GetUpdates", "result":"", "context":Reason: NEW_CLIENT. cV=tqIqRSA9hRRYbCYTZsMxIe}
{"logTime": "0502/201645", "correlationVector":"tqIqRSA9hRRYbCYTZsMxIe.1","action":"SyncServerConnectionManagerRequest", "result":"SYNC_SERVER_OK", "context":{"environment":"Prod_southeastasia_prod-s01-064-apac-southeastasia", "migrationStage":"NotStarted", "server":"akswtt000000006"}}
{"logTime": "0502/201645", "correlationVector":"tqIqRSA9hRRYbCYTZsMxIe.2","action":"GetUpdates Response", "result":"Success", "context":Received 0 update(s). cV=tqIqRSA9hRRYbCYTZsMxIe.0;server=akswtt000000006;cloudType=Multitenant;environment=Prod_southeastasia_prod-s01-064-apac-southeastasia;migrationStage=NotStarted}
{"logTime": "0502/201645", "correlationVector":"uUiY/ZGSF7sWyvCodmoO78","action":"Normal GetUpdate request", "result":"", "context":cV=uUiY/ZGSF7sWyvCodmoO78
Nudged types: Sessions, Device Info, User Consents, Encryption Keys
Refresh requested types: Bookmarks, Preferences, Passwords, Autofill Profiles, Autofill, Extensions, Sessions, Extension settings, History Delete Directives, Device Info, User Consents, Send Tab To Self, Web Apps, History, Saved Tab Group, WebAuthn Credentials, Collection, Edge E Drop, Edge Hub App Usage, Edge Wallet, Edge Workspace, Encryption Keys}
{"logTime": "0502/201645", "correlationVector":"uUiY/ZGSF7sWyvCodmoO78.1","action":"SyncServerConnectionManagerRequest", "result":"SYNC_SERVER_OK", "context":{"environment":"Prod_southeastasia_prod-s01-064-apac-southeastasia", "migrationStage":"NotStarted", "server":"akswtt00000000l"}}
{"logTime": "0502/201645", "correlationVector":"uUiY/ZGSF7sWyvCodmoO78.2","action":"GetUpdates Response", "result":"Success", "context":Received 0 update(s). cV=uUiY/ZGSF7sWyvCodmoO78.0;server=akswtt00000000l;cloudType=Multitenant;environment=Prod_southeastasia_prod-s01-064-apac-southeastasia;migrationStage=NotStarted}
{"logTime": "0502/201645", "correlationVector":"h0Voc5648P6SLaLytbwGjf","action":"DoCompareDataConsistency requsted types: ", "result":"Bookmarks, Preferences, Passwords, Extensions, Extension settings, History Delete Directives, Send Tab To Self, Web Apps, History, Saved Tab Group, WebAuthn Credentials, Collection, Edge E Drop, Edge Wallet, Edge Workspace, Encryption Keys"}
{"logTime": "0502/201645", "correlationVector":"h0Voc5648P6SLaLytbwGjf.0","action":"CompareDataConsistency result: ", "result":"Compare result: Encryption Keys is consistent. local entities count is: 1 local entities hash is: MMyixrQXPk/OblF+o6hsVFUSG5k="}
{"logTime": "0502/201645", "correlationVector":"h0Voc5648P6SLaLytbwGjf.1","action":"CompareDataConsistency result: ", "result":"Compare result: Bookmarks is consistent. local entities count is: 0 local entities hash is: "}
{"logTime": "0502/201645", "correlationVector":"h0Voc5648P6SLaLytbwGjf.2","action":"CompareDataConsistency result: ", "result":"Compare result: Preferences is consistent. local entities count is: 0 local entities hash is: "}
{"logTime": "0502/201645", "correlationVector":"h0Voc5648P6SLaLytbwGjf.3","action":"CompareDataConsistency result: ", "result":"Compare result: Passwords is consistent. local entities count is: 0 local entities hash is: "}
{"logTime": "0502/201645", "correlationVector":"h0Voc5648P6SLaLytbwGjf.4","action":"CompareDataConsistency result: ", "result":"Compare result: Extensions is consistent. local entities count is: 0 local entities hash is: "}
{"logTime": "0502/201645", "correlationVector":"h0Voc5648P6SLaLytbwGjf.5","action":"CompareDataConsistency result: ", "result":"Compare result: Extension settings is consistent. local entities count is: 0 local entities hash is: "}
{"logTime": "0502/201645", "correlationVector":"h0Voc5648P6SLaLytbwGjf.6","action":"CompareDataConsistency result: ", "result":"Compare result: History Delete Directives is consistent. local entities count is: 0 local entities hash is: "}
{"logTime": "0502/201645", "correlationVector":"h0Voc5648P6SLaLytbwGjf.7","action":"CompareDataConsistency result: ", "result":"Server did not send this Send Tab To Self local entities count is: 0 local entities hash is: "}
{"logTime": "0502/201645", "correlationVector":"h0Voc5648P6SLaLytbwGjf.8","action":"CompareDataConsistency result: ", "result":"Compare result: Web Apps is consistent. local entities count is: 0 local entities hash is: "}
{"logTime": "0502/201645", "correlationVector":"h0Voc5648P6SLaLytbwGjf.9","action":"CompareDataConsistency result: ", "result":"Server did not send this History local entities count is: 0 local entities hash is: "}
{"logTime": "0502/201645", "correlationVector":"h0Voc5648P6SLaLytbwGjf.10","action":"CompareDataConsistency result: ", "result":"Compare result: Saved Tab Group is consistent. local entities count is: 0 local entities hash is: "}
{"logTime": "0502/201645", "correlationVector":"h0Voc5648P6SLaLytbwGjf.11","action":"CompareDataConsistency result: ", "result":"Server did not send this WebAuthn Credentials local entities count is: 0 local entities hash is: "}
{"logTime": "0502/201645", "correlationVector":"h0Voc5648P6SLaLytbwGjf.12","action":"CompareDataConsistency result: ", "result":"Compare result: Collection is consistent. local entities count is: 0 local entities hash is: "}
{"logTime": "0502/201645", "correlationVector":"h0Voc5648P6SLaLytbwGjf.13","action":"CompareDataConsistency result: ", "result":"Compare result: Edge E Drop is consistent. local entities count is: 0 local entities hash is: "}
{"logTime": "0502/201645", "correlationVector":"h0Voc5648P6SLaLytbwGjf.14","action":"CompareDataConsistency result: ", "result":"Compare result: Edge Wallet is consistent. local entities count is: 0 local entities hash is: "}
{"logTime": "0502/201645", "correlationVector":"h0Voc5648P6SLaLytbwGjf.15","action":"CompareDataConsistency result: ", "result":"Server did not send this Edge Workspace local entities count is: 0 local entities hash is: "}
{"logTime": "0502/201645", "correlationVector":"h0Voc5648P6SLaLytbwGjf.16","action":"AAD.Mip.Pack:", "result":"Fail", "context":MIP_CLOUD_COMMERCIAL:Service disabled}
{"logTime": "0502/201645", "correlationVector":"h0Voc5648P6SLaLytbwGjf.17","action":"AAD.AddCommitKey", "result":"Fail", "context":MIP service disabled. Tags: . Emails: ["intern.melissa@alto.id"]}
{"logTime": "0502/201645", "correlationVector":"","action":"DIAGNOSTIC_REQUEST|v1/diagnosticData/Diagnostic.SendCheckResult()|SUCCESS", "result":""}
{"logTime": "0502/201800", "correlationVector":"JL0KJy8fEaYPBZCwL8fMzR","action":"Normal GetUpdate request", "result":"", "context":cV=JL0KJy8fEaYPBZCwL8fMzR
Nudged types: Sessions, Device Info, User Consents, Encryption Keys
Refresh requested types: Bookmarks, Preferences, Passwords, Autofill Profiles, Autofill, Extensions, Sessions, Extension settings, History Delete Directives, Device Info, User Consents, Send Tab To Self, Web Apps, History, Saved Tab Group, WebAuthn Credentials, Collection, Edge E Drop, Edge Hub App Usage, Edge Wallet, Edge Workspace, Encryption Keys}
{"logTime": "0502/201801", "correlationVector":"JL0KJy8fEaYPBZCwL8fMzR.1","action":"SyncServerConnectionManagerRequest", "result":"SYNC_SERVER_OK", "context":{"environment":"Prod_southeastasia_prod-s01-064-apac-southeastasia", "migrationStage":"NotStarted", "server":"akswtt000000011"}}
{"logTime": "0502/201801", "correlationVector":"JL0KJy8fEaYPBZCwL8fMzR.2","action":"GetUpdates Response", "result":"Success", "context":Received 0 update(s). cV=JL0KJy8fEaYPBZCwL8fMzR.0;server=akswtt000000011;cloudType=Multitenant;environment=Prod_southeastasia_prod-s01-064-apac-southeastasia;migrationStage=NotStarted}
{"logTime": "0502/224854", "correlationVector":"lLSEk89Us3Ip+SejMwq4cm.1","action":"SyncServerConnectionManagerRequest", "result":"SYNC_SERVER_OK", "context":{"environment":"Prod_southeastasia_prod-s01-064-apac-southeastasia", "migrationStage":"NotStarted", "server":"akswtt00000000p"}}
{"logTime": "0502/224854", "correlationVector":"lLSEk89Us3Ip+SejMwq4cm.2","action":"EncryptionKeysManager::SetEncryptionKeys:", "result":"Success", "context":Key names[1]:[mLtEmd6diWLR7X8kpRxRgFF69BaiFNWaEpz9meOZN5XYIC/7NeTiFr28zrg3uasqB5RZHrcUbUWqqAsjJKCdfw==]}
{"logTime": "0502/224854", "correlationVector":"lLSEk89Us3Ip+SejMwq4cm.3","action":"AAD.GetKeyResponse", "result":"Fail", "context":Keys=0.LastKeyStatus=Empty.State=None.Pending NewKey. Tags: . Emails: ["intern.melissa@alto.id"]}
{"logTime": "0502/224854", "correlationVector":"lLSEk89Us3Ip+SejMwq4cm.4","action":"ProcessGetUpdates", "result":"Done", "context":{"dataType":"Encryption Keys", "deleted":"0", "process_failed_to_decrypt":"0", "process_pending_decryption":"0", "process_success":"1", "total":"1"}}
{"logTime": "0502/224854", "correlationVector":"aYJGJVbGpik3iegTm1KBw9","action":"AAD.Mip.Pack:", "result":"Fail", "context":MIP_CLOUD_COMMERCIAL:Service disabled}
{"logTime": "0502/224854", "correlationVector":"aYJGJVbGpik3iegTm1KBw9.0","action":"AAD.AddCommitKey", "result":"Fail", "context":MIP service disabled. Tags: . Emails: ["intern.melissa@alto.id"]}
{"logTime": "0502/225010", "correlationVector":"LCBuznZdevnasKc1wVFBd0.1","action":"SyncServerConnectionManagerRequest", "result":"SYNC_SERVER_OK", "context":{"environment":"Prod_southeastasia_prod-s01-064-apac-southeastasia", "migrationStage":"NotStarted", "server":"akswtt000000001"}}
{"logTime": "0502/225010", "correlationVector":"lLSEk89Us3Ip+SejMwq4cm","action":"Initial GetUpdates", "result":"", "context":Reason: NEW_CLIENT. cV=lLSEk89Us3Ip+SejMwq4cm}
{"logTime": "0502/225010", "correlationVector":"lLSEk89Us3Ip+SejMwq4cm.5","action":"GetUpdates Response", "result":"Success", "context":Received 1 update(s). cV=lLSEk89Us3Ip+SejMwq4cm.0;server=akswtt00000000p;cloudType=Multitenant;environment=Prod_southeastasia_prod-s01-064-apac-southeastasia;migrationStage=NotStarted}
{"logTime": "0502/225010", "correlationVector":"LCBuznZdevnasKc1wVFBd0","action":"Initial GetUpdates", "result":"", "context":Reason: NEW_CLIENT. cV=LCBuznZdevnasKc1wVFBd0}
{"logTime": "0502/225010", "correlationVector":"LCBuznZdevnasKc1wVFBd0.2","action":"GetUpdates Response", "result":"Success", "context":Received 0 update(s). cV=LCBuznZdevnasKc1wVFBd0.0;server=akswtt000000001;cloudType=Multitenant;environment=Prod_southeastasia_prod-s01-064-apac-southeastasia;migrationStage=NotStarted}
{"logTime": "0502/225010", "correlationVector":"/EKqd6haG+a5YgohoMjzEe","action":"Initial GetUpdates", "result":"", "context":Reason: NEWLY_SUPPORTED_DATATYPE. cV=/EKqd6haG+a5YgohoMjzEe}
{"logTime": "0502/225010", "correlationVector":"/EKqd6haG+a5YgohoMjzEe.1","action":"SyncServerConnectionManagerRequest", "result":"SYNC_SERVER_OK", "context":{"environment":"Prod_southeastasia_prod-s01-064-apac-southeastasia", "migrationStage":"NotStarted", "server":"akswtt00000000g"}}
{"logTime": "0502/225010", "correlationVector":"/EKqd6haG+a5YgohoMjzEe.2","action":"GetUpdates Response", "result":"Success", "context":Received 0 update(s). cV=/EKqd6haG+a5YgohoMjzEe.0;server=akswtt00000000g;cloudType=Multitenant;environment=Prod_southeastasia_prod-s01-064-apac-southeastasia;migrationStage=NotStarted}
{"logTime": "0502/225010", "correlationVector":"3gO1edptKRWODjxVgMSh0J","action":"Initial GetUpdates", "result":"", "context":Reason: NEWLY_SUPPORTED_DATATYPE. cV=3gO1edptKRWODjxVgMSh0J}
{"logTime": "0502/225010", "correlationVector":"3gO1edptKRWODjxVgMSh0J.1","action":"SyncServerConnectionManagerRequest", "result":"SYNC_SERVER_OK", "context":{"environment":"Prod_southeastasia_prod-s01-064-apac-southeastasia", "migrationStage":"NotStarted", "server":"akswtt000000004"}}
{"logTime": "0502/225010", "correlationVector":"3gO1edptKRWODjxVgMSh0J.2","action":"ProcessGetUpdates", "result":"Done", "context":{"dataType":"Bookmarks", "deleted":"0", "process_failed_to_decrypt":"0", "process_pending_decryption":"0", "process_success":"6", "total":"6"}}
{"logTime": "0502/225010", "correlationVector":"3gO1edptKRWODjxVgMSh0J.3","action":"GetUpdates Response", "result":"Success", "context":Received 6 update(s). cV=3gO1edptKRWODjxVgMSh0J.0;server=akswtt000000004;cloudType=Multitenant;environment=Prod_southeastasia_prod-s01-064-apac-southeastasia;migrationStage=NotStarted}
{"logTime": "0502/225010", "correlationVector":"7+aeFvcyuHcXt1LkYbrNwz","action":"Initial GetUpdates", "result":"", "context":Reason: NEWLY_SUPPORTED_DATATYPE. cV=7+aeFvcyuHcXt1LkYbrNwz}
{"logTime": "0502/225010", "correlationVector":"7+aeFvcyuHcXt1LkYbrNwz.1","action":"SyncServerConnectionManagerRequest", "result":"SYNC_SERVER_OK", "context":{"environment":"Prod_southeastasia_prod-s01-064-apac-southeastasia", "migrationStage":"NotStarted", "server":"akswtt000000005"}}
{"logTime": "0502/225010", "correlationVector":"7+aeFvcyuHcXt1LkYbrNwz.2","action":"ProcessGetUpdates", "result":"Done", "context":{"dataType":"Autofill", "deleted":"0", "process_failed_to_decrypt":"0", "process_pending_decryption":"0", "process_success":"1", "total":"1"}}
{"logTime": "0502/225010", "correlationVector":"7+aeFvcyuHcXt1LkYbrNwz.3","action":"GetUpdates Response", "result":"Success", "context":Received 1 update(s). cV=7+aeFvcyuHcXt1LkYbrNwz.0;server=akswtt000000005;cloudType=Multitenant;environment=Prod_southeastasia_prod-s01-064-apac-southeastasia;migrationStage=NotStarted}
{"logTime": "0502/225010", "correlationVector":"lCGpgUtBKN2DVvaGrFdANN","action":"Initial GetUpdates", "result":"", "context":Reason: NEWLY_SUPPORTED_DATATYPE. cV=lCGpgUtBKN2DVvaGrFdANN}
{"logTime": "0502/225011", "correlationVector":"lCGpgUtBKN2DVvaGrFdANN.1","action":"SyncServerConnectionManagerRequest", "result":"SYNC_SERVER_OK", "context":{"environment":"Prod_southeastasia_prod-s01-064-apac-southeastasia", "migrationStage":"NotStarted", "server":"akswtt000000001"}}
{"logTime": "0502/225011", "correlationVector":"lCGpgUtBKN2DVvaGrFdANN.2","action":"GetUpdates Response", "result":"Success", "context":Received 0 update(s). cV=lCGpgUtBKN2DVvaGrFdANN.0;server=akswtt000000001;cloudType=Multitenant;environment=Prod_southeastasia_prod-s01-064-apac-southeastasia;migrationStage=NotStarted}
{"logTime": "0502/225011", "correlationVector":"TmGfJFswy4hDWTDrYF/xyi","action":"Normal GetUpdate request", "result":"", "context":cV=TmGfJFswy4hDWTDrYF/xyi
Nudged types: Sessions, Device Info, User Consents, Encryption Keys
Refresh requested types: Bookmarks, Preferences, Passwords, Autofill Profiles, Autofill, Extensions, Sessions, Extension settings, History Delete Directives, Device Info, User Consents, Send Tab To Self, Web Apps, History, Saved Tab Group, WebAuthn Credentials, Collection, Edge E Drop, Edge Hub App Usage, Edge Wallet, Edge Workspace, Encryption Keys}
{"logTime": "0502/225011", "correlationVector":"TmGfJFswy4hDWTDrYF/xyi.1","action":"SyncServerConnectionManagerRequest", "result":"SYNC_SERVER_OK", "context":{"environment":"Prod_southeastasia_prod-s01-064-apac-southeastasia", "migrationStage":"NotStarted", "server":"akswtt00000000g"}}
{"logTime": "0502/225011", "correlationVector":"TmGfJFswy4hDWTDrYF/xyi.2","action":"GetUpdates Response", "result":"Success", "context":Received 0 update(s). cV=TmGfJFswy4hDWTDrYF/xyi.0;server=akswtt00000000g;cloudType=Multitenant;environment=Prod_southeastasia_prod-s01-064-apac-southeastasia;migrationStage=NotStarted}
{"logTime": "0502/225011", "correlationVector":"8Bjycs/i206+r0YpA7VEkf","action":"AAD.Mip.Pack:", "result":"Fail", "context":MIP_CLOUD_COMMERCIAL:Service disabled}
{"logTime": "0502/225011", "correlationVector":"8Bjycs/i206+r0YpA7VEkf.0","action":"AAD.AddCommitKey", "result":"Fail", "context":MIP service disabled. Tags: . Emails: ["intern.melissa@alto.id"]}
{"logTime": "0502/225126", "correlationVector":"KB36ac+H6QzxHlL8+EfnLm","action":"Normal GetUpdate request", "result":"", "context":cV=KB36ac+H6QzxHlL8+EfnLm
Nudged types: Sessions, Device Info, User Consents, Encryption Keys
Refresh requested types: Bookmarks, Preferences, Passwords, Autofill Profiles, Autofill, Extensions, Sessions, Extension settings, History Delete Directives, Device Info, User Consents, Send Tab To Self, Web Apps, History, Saved Tab Group, WebAuthn Credentials, Collection, Edge E Drop, Edge Hub App Usage, Edge Wallet, Edge Workspace, Encryption Keys}
{"logTime": "0502/225127", "correlationVector":"KB36ac+H6QzxHlL8+EfnLm.1","action":"SyncServerConnectionManagerRequest", "result":"SYNC_SERVER_OK", "context":{"environment":"Prod_southeastasia_prod-s01-064-apac-southeastasia", "migrationStage":"NotStarted", "server":"akswtt000000001"}}
{"logTime": "0502/225127", "correlationVector":"KB36ac+H6QzxHlL8+EfnLm.2","action":"GetUpdates Response", "result":"Success", "context":Received 0 update(s). cV=KB36ac+H6QzxHlL8+EfnLm.0;server=akswtt000000001;cloudType=Multitenant;environment=Prod_southeastasia_prod-s01-064-apac-southeastasia;migrationStage=NotStarted}
{"logTime": "0503/000009", "correlationVector":"R25fsM3WUELTUvTw9/tPFf","action":"AAD.Mip.Pack:", "result":"Fail", "context":MIP_CLOUD_COMMERCIAL:Service disabled}
{"logTime": "0503/000009", "correlationVector":"R25fsM3WUELTUvTw9/tPFf.0","action":"AAD.AddCommitKey", "result":"Fail", "context":MIP service disabled. Tags: . Emails: ["intern.melissa@alto.id"]}
{"logTime": "0503/124730", "correlationVector":"1N2cAurXVkwpbO2b4cD+Vr.1","action":"SyncServerConnectionManagerRequest", "result":"SYNC_SERVER_OK", "context":{"environment":"Prod_southeastasia_prod-s01-064-apac-southeastasia", "migrationStage":"NotStarted", "server":"akswtt00000000e"}}
{"logTime": "0503/124730", "correlationVector":"1N2cAurXVkwpbO2b4cD+Vr.2","action":"ProcessGetUpdates", "result":"Done", "context":{"dataType":"Encryption Keys", "deleted":"0", "process_failed_to_decrypt":"0", "process_pending_decryption":"0", "process_success":"1", "total":"1"}}
{"logTime": "0503/125343", "correlationVector":"JGcMjaXCdQ/yM+pSzjBPlP.1","action":"SyncServerConnectionManagerRequest", "result":"SYNC_SERVER_OK", "context":{"environment":"Prod_southeastasia_prod-s01-064-apac-southeastasia", "migrationStage":"NotStarted", "server":"akswtt00000000s"}}
{"logTime": "0503/125343", "correlationVector":"JGcMjaXCdQ/yM+pSzjBPlP.2","action":"EncryptionKeysManager::SetEncryptionKeys:", "result":"Success", "context":Key names[1]:[qoBmo/gaPmaj5E+kvrUC3bGfEKY6YFaxQJAZ7RGd/Zm2d9/beWS/07vtmHHMdavlJUxTej70Runrjf+B78TcPw==]}
{"logTime": "0503/125343", "correlationVector":"JGcMjaXCdQ/yM+pSzjBPlP.3","action":"AAD.GetKeyResponse", "result":"Fail", "context":Keys=0.LastKeyStatus=Empty.State=None.Pending NewKey. Tags: . Emails: ["intern.melissa@alto.id"]}
{"logTime": "0503/125343", "correlationVector":"JGcMjaXCdQ/yM+pSzjBPlP.4","action":"ProcessGetUpdates", "result":"Done", "context":{"dataType":"Encryption Keys", "deleted":"0", "process_failed_to_decrypt":"0", "process_pending_decryption":"0", "process_success":"1", "total":"1"}}
{"logTime": "0503/125345", "correlationVector":"qz07FLgsc8uYES8SXpQFR7","action":"AAD.Mip.Pack:", "result":"Fail", "context":MIP_CLOUD_COMMERCIAL:Service disabled}
{"logTime": "0503/125345", "correlationVector":"qz07FLgsc8uYES8SXpQFR7.0","action":"AAD.AddCommitKey", "result":"Fail", "context":MIP service disabled. Tags: . Emails: ["intern.melissa@alto.id"]}
{"logTime": "0503/125500", "correlationVector":"nPNKTVS9rHAbxXsD1l5XzW.1","action":"SyncServerConnectionManagerRequest", "result":"SYNC_SERVER_OK", "context":{"environment":"Prod_southeastasia_prod-s01-064-apac-southeastasia", "migrationStage":"NotStarted", "server":"akswtt00000000e"}}
{"logTime": "0503/125500", "correlationVector":"JGcMjaXCdQ/yM+pSzjBPlP","action":"Initial GetUpdates", "result":"", "context":Reason: NEW_CLIENT. cV=JGcMjaXCdQ/yM+pSzjBPlP}
{"logTime": "0503/125500", "correlationVector":"JGcMjaXCdQ/yM+pSzjBPlP.5","action":"GetUpdates Response", "result":"Success", "context":Received 1 update(s). cV=JGcMjaXCdQ/yM+pSzjBPlP.0;server=akswtt00000000s;cloudType=Multitenant;environment=Prod_southeastasia_prod-s01-064-apac-southeastasia;migrationStage=NotStarted}
{"logTime": "0503/125500", "correlationVector":"nPNKTVS9rHAbxXsD1l5XzW","action":"Initial GetUpdates", "result":"", "context":Reason: NEW_CLIENT. cV=nPNKTVS9rHAbxXsD1l5XzW}
{"logTime": "0503/125500", "correlationVector":"nPNKTVS9rHAbxXsD1l5XzW.2","action":"GetUpdates Response", "result":"Success", "context":Received 0 update(s). cV=nPNKTVS9rHAbxXsD1l5XzW.0;server=akswtt00000000e;cloudType=Multitenant;environment=Prod_southeastasia_prod-s01-064-apac-southeastasia;migrationStage=NotStarted}
{"logTime": "0503/125500", "correlationVector":"IcZ0IeiM25u/qwP5FW6rz0","action":"Initial GetUpdates", "result":"", "context":Reason: NEWLY_SUPPORTED_DATATYPE. cV=IcZ0IeiM25u/qwP5FW6rz0}
{"logTime": "0503/125500", "correlationVector":"IcZ0IeiM25u/qwP5FW6rz0.1","action":"SyncServerConnectionManagerRequest", "result":"SYNC_SERVER_OK", "context":{"environment":"Prod_southeastasia_prod-s01-064-apac-southeastasia", "migrationStage":"NotStarted", "server":"akswtt00000000i"}}
{"logTime": "0503/125500", "correlationVector":"IcZ0IeiM25u/qwP5FW6rz0.2","action":"GetUpdates Response", "result":"Success", "context":Received 0 update(s). cV=IcZ0IeiM25u/qwP5FW6rz0.0;server=akswtt00000000i;cloudType=Multitenant;environment=Prod_southeastasia_prod-s01-064-apac-southeastasia;migrationStage=NotStarted}
{"logTime": "0503/125500", "correlationVector":"5goiAahwKqyIve6PGxQ89m","action":"Initial GetUpdates", "result":"", "context":Reason: NEWLY_SUPPORTED_DATATYPE. cV=5goiAahwKqyIve6PGxQ89m}
{"logTime": "0503/125501", "correlationVector":"5goiAahwKqyIve6PGxQ89m.1","action":"SyncServerConnectionManagerRequest", "result":"SYNC_SERVER_OK", "context":{"environment":"Prod_southeastasia_prod-s01-064-apac-southeastasia", "migrationStage":"NotStarted", "server":"akswtt000000010"}}
{"logTime": "0503/125501", "correlationVector":"5goiAahwKqyIve6PGxQ89m.2","action":"ProcessGetUpdates", "result":"Done", "context":{"dataType":"Bookmarks", "deleted":"0", "process_failed_to_decrypt":"0", "process_pending_decryption":"0", "process_success":"6", "total":"6"}}
{"logTime": "0503/125501", "correlationVector":"5goiAahwKqyIve6PGxQ89m.3","action":"GetUpdates Response", "result":"Success", "context":Received 6 update(s). cV=5goiAahwKqyIve6PGxQ89m.0;server=akswtt000000010;cloudType=Multitenant;environment=Prod_southeastasia_prod-s01-064-apac-southeastasia;migrationStage=NotStarted}
{"logTime": "0503/125501", "correlationVector":"VObAAefJ+C0ArRC+e4C/FW","action":"Initial GetUpdates", "result":"", "context":Reason: NEWLY_SUPPORTED_DATATYPE. cV=VObAAefJ+C0ArRC+e4C/FW}
{"logTime": "0503/125501", "correlationVector":"VObAAefJ+C0ArRC+e4C/FW.1","action":"SyncServerConnectionManagerRequest", "result":"SYNC_SERVER_OK", "context":{"environment":"Prod_southeastasia_prod-s01-064-apac-southeastasia", "migrationStage":"NotStarted", "server":"akswtt000000002"}}
{"logTime": "0503/125501", "correlationVector":"VObAAefJ+C0ArRC+e4C/FW.2","action":"ProcessGetUpdates", "result":"Done", "context":{"dataType":"Autofill", "deleted":"0", "process_failed_to_decrypt":"0", "process_pending_decryption":"0", "process_success":"1", "total":"1"}}
{"logTime": "0503/125501", "correlationVector":"VObAAefJ+C0ArRC+e4C/FW.3","action":"GetUpdates Response", "result":"Success", "context":Received 1 update(s). cV=VObAAefJ+C0ArRC+e4C/FW.0;server=akswtt000000002;cloudType=Multitenant;environment=Prod_southeastasia_prod-s01-064-apac-southeastasia;migrationStage=NotStarted}
{"logTime": "0503/125501", "correlationVector":"p8LLQe5hqoKrM/EEggBUtu","action":"Initial GetUpdates", "result":"", "context":Reason: NEWLY_SUPPORTED_DATATYPE. cV=p8LLQe5hqoKrM/EEggBUtu}
{"logTime": "0503/125501", "correlationVector":"p8LLQe5hqoKrM/EEggBUtu.1","action":"SyncServerConnectionManagerRequest", "result":"SYNC_SERVER_OK", "context":{"environment":"Prod_southeastasia_prod-s01-064-apac-southeastasia", "migrationStage":"NotStarted", "server":"akswtt000000007"}}
{"logTime": "0503/125501", "correlationVector":"p8LLQe5hqoKrM/EEggBUtu.2","action":"GetUpdates Response", "result":"Success", "context":Received 0 update(s). cV=p8LLQe5hqoKrM/EEggBUtu.0;server=akswtt000000007;cloudType=Multitenant;environment=Prod_southeastasia_prod-s01-064-apac-southeastasia;migrationStage=NotStarted}
{"logTime": "0503/125501", "correlationVector":"6Nuuv/8xcvq4BI94TvlVf0","action":"Normal GetUpdate request", "result":"", "context":cV=6Nuuv/8xcvq4BI94TvlVf0
Nudged types: Sessions, Device Info, User Consents, Encryption Keys
Refresh requested types: Bookmarks, Preferences, Passwords, Autofill Profiles, Autofill, Extensions, Sessions, Extension settings, History Delete Directives, Device Info, User Consents, Send Tab To Self, Web Apps, History, Saved Tab Group, WebAuthn Credentials, Collection, Edge E Drop, Edge Hub App Usage, Edge Wallet, Edge Workspace, Encryption Keys}
{"logTime": "0503/125501", "correlationVector":"6Nuuv/8xcvq4BI94TvlVf0.1","action":"SyncServerConnectionManagerRequest", "result":"SYNC_SERVER_OK", "context":{"environment":"Prod_southeastasia_prod-s01-064-apac-southeastasia", "migrationStage":"NotStarted", "server":"akswtt000000009"}}
{"logTime": "0503/125501", "correlationVector":"6Nuuv/8xcvq4BI94TvlVf0.2","action":"GetUpdates Response", "result":"Success", "context":Received 0 update(s). cV=6Nuuv/8xcvq4BI94TvlVf0.0;server=akswtt000000009;cloudType=Multitenant;environment=Prod_southeastasia_prod-s01-064-apac-southeastasia;migrationStage=NotStarted}
{"logTime": "0503/125502", "correlationVector":"bUM4VOKxv53bJ6FZtw6ZE5","action":"AAD.Mip.Pack:", "result":"Fail", "context":MIP_CLOUD_COMMERCIAL:Service disabled}
{"logTime": "0503/125502", "correlationVector":"bUM4VOKxv53bJ6FZtw6ZE5.0","action":"AAD.AddCommitKey", "result":"Fail", "context":MIP service disabled. Tags: . Emails: ["intern.melissa@alto.id"]}
{"logTime": "0503/125547", "correlationVector":"+17SMMdQPz+glxtI8VPwL6","action":"Normal GetUpdate request", "result":"", "context":cV=+17SMMdQPz+glxtI8VPwL6
Nudged types: Sessions, Device Info, User Consents, Encryption Keys
Refresh requested types: Bookmarks, Preferences, Passwords, Autofill Profiles, Autofill, Extensions, Sessions, Extension settings, History Delete Directives, Device Info, User Consents, Send Tab To Self, Web Apps, History, Saved Tab Group, WebAuthn Credentials, Collection, Edge E Drop, Edge Hub App Usage, Edge Wallet, Edge Workspace, Encryption Keys}
{"logTime": "0503/125547", "correlationVector":"+17SMMdQPz+glxtI8VPwL6.1","action":"SyncServerConnectionManagerRequest", "result":"SYNC_SERVER_OK", "context":{"environment":"Prod_southeastasia_prod-s01-064-apac-southeastasia", "migrationStage":"NotStarted", "server":"akswtt000000009"}}
{"logTime": "0503/125547", "correlationVector":"+17SMMdQPz+glxtI8VPwL6.2","action":"GetUpdates Response", "result":"Success", "context":Received 0 update(s). cV=+17SMMdQPz+glxtI8VPwL6.0;server=akswtt000000009;cloudType=Multitenant;environment=Prod_southeastasia_prod-s01-064-apac-southeastasia;migrationStage=NotStarted}
{"logTime": "0503/125547", "correlationVector":"5o45smWvLvRBAwBOPmj76S","action":"Poll GetUpdate request", "result":"", "context":cV=5o45smWvLvRBAwBOPmj76S}
{"logTime": "0503/125547", "correlationVector":"5o45smWvLvRBAwBOPmj76S.1","action":"SyncServerConnectionManagerRequest", "result":"SYNC_SERVER_OK", "context":{"environment":"Prod_southeastasia_prod-s01-064-apac-southeastasia", "migrationStage":"NotStarted", "server":"akswtt00000000s"}}
{"logTime": "0503/125547", "correlationVector":"5o45smWvLvRBAwBOPmj76S.2","action":"GetUpdates Response", "result":"Success", "context":Received 0 update(s). cV=5o45smWvLvRBAwBOPmj76S.0;server=akswtt00000000s;cloudType=Multitenant;environment=Prod_southeastasia_prod-s01-064-apac-southeastasia;migrationStage=NotStarted}
{"logTime": "0503/131142", "correlationVector":"FNszwekt7VFyGfgs8VskrQ.1","action":"SyncServerConnectionManagerRequest", "result":"SYNC_SERVER_OK", "context":{"environment":"Prod_southeastasia_prod-s01-064-apac-southeastasia", "migrationStage":"NotStarted", "server":"akswtt00000000l"}}
{"logTime": "0503/131142", "correlationVector":"FNszwekt7VFyGfgs8VskrQ.2","action":"EncryptionKeysManager::SetEncryptionKeys:", "result":"Success", "context":Key names[1]:[Prq576boTOuYwh2YVESAGVTjd7eg5jzSmWpfXY/YaKEp0W1WSNmFBcQwyDbH/r75fe/kNr+vk69WFFS9jUmU2A==]}
{"logTime": "0503/131142", "correlationVector":"FNszwekt7VFyGfgs8VskrQ.3","action":"AAD.GetKeyResponse", "result":"Fail", "context":Keys=0.LastKeyStatus=Empty.State=None.Pending NewKey. Tags: . Emails: ["intern.melissa@alto.id"]}
{"logTime": "0503/131142", "correlationVector":"FNszwekt7VFyGfgs8VskrQ.4","action":"ProcessGetUpdates", "result":"Done", "context":{"dataType":"Encryption Keys", "deleted":"0", "process_failed_to_decrypt":"0", "process_pending_decryption":"0", "process_success":"1", "total":"1"}}
{"logTime": "0503/131143", "correlationVector":"eIuClCgVgtcK7FMdHz17Iy","action":"AAD.Mip.Pack:", "result":"Fail", "context":MIP_CLOUD_COMMERCIAL:Service disabled}
{"logTime": "0503/131143", "correlationVector":"eIuClCgVgtcK7FMdHz17Iy.0","action":"AAD.AddCommitKey", "result":"Fail", "context":MIP service disabled. Tags: . Emails: ["intern.melissa@alto.id"]}
{"logTime": "0503/170930", "correlationVector":"hkz7SKylkpmWwDE/n/IAIE.1","action":"SyncServerConnectionManagerRequest", "result":"SYNC_SERVER_OK", "context":{"environment":"Prod_southeastasia_prod-s01-064-apac-southeastasia", "migrationStage":"NotStarted", "server":"akswtt00000000k"}}
{"logTime": "0503/170930", "correlationVector":"hkz7SKylkpmWwDE/n/IAIE.2","action":"EncryptionKeysManager::SetEncryptionKeys:", "result":"Success", "context":Key names[1]:[+69jmLqNc/qcFyugQIDA93mtEDYZoLYJqkoBUDTdx2jnvlvRMMPivT5+7mPfUAu8IrZkzYJTTHAXT4WcRwe4zQ==]}
{"logTime": "0503/170930", "correlationVector":"hkz7SKylkpmWwDE/n/IAIE.3","action":"AAD.GetKeyResponse", "result":"Fail", "context":Keys=0.LastKeyStatus=Empty.State=None.Pending NewKey. Tags: . Emails: ["intern.melissa@alto.id"]}
{"logTime": "0503/170930", "correlationVector":"hkz7SKylkpmWwDE/n/IAIE.4","action":"ProcessGetUpdates", "result":"Done", "context":{"dataType":"Encryption Keys", "deleted":"0", "process_failed_to_decrypt":"0", "process_pending_decryption":"0", "process_success":"1", "total":"1"}}
{"logTime": "0503/170931", "correlationVector":"7BxgzrwsIRQAYVv8SI3wSS","action":"AAD.Mip.Pack:", "result":"Fail", "context":MIP_CLOUD_COMMERCIAL:Service disabled}
{"logTime": "0503/170931", "correlationVector":"7BxgzrwsIRQAYVv8SI3wSS.0","action":"AAD.AddCommitKey", "result":"Fail", "context":MIP service disabled. Tags: . Emails: ["intern.melissa@alto.id"]}
{"logTime": "0503/171046", "correlationVector":"gaBKVjjX+BcxWjWUSEJ3Nr.1","action":"SyncServerConnectionManagerRequest", "result":"SYNC_SERVER_OK", "context":{"environment":"Prod_southeastasia_prod-s01-064-apac-southeastasia", "migrationStage":"NotStarted", "server":"akswtt00000000o"}}
{"logTime": "0503/171046", "correlationVector":"hkz7SKylkpmWwDE/n/IAIE","action":"Initial GetUpdates", "result":"", "context":Reason: NEW_CLIENT. cV=hkz7SKylkpmWwDE/n/IAIE}
{"logTime": "0503/171046", "correlationVector":"hkz7SKylkpmWwDE/n/IAIE.5","action":"GetUpdates Response", "result":"Success", "context":Received 1 update(s). cV=hkz7SKylkpmWwDE/n/IAIE.0;server=akswtt00000000k;cloudType=Multitenant;environment=Prod_southeastasia_prod-s01-064-apac-southeastasia;migrationStage=NotStarted}
{"logTime": "0503/171046", "correlationVector":"gaBKVjjX+BcxWjWUSEJ3Nr","action":"Initial GetUpdates", "result":"", "context":Reason: NEW_CLIENT. cV=gaBKVjjX+BcxWjWUSEJ3Nr}
{"logTime": "0503/171046", "correlationVector":"gaBKVjjX+BcxWjWUSEJ3Nr.2","action":"GetUpdates Response", "result":"Success", "context":Received 0 update(s). cV=gaBKVjjX+BcxWjWUSEJ3Nr.0;server=akswtt00000000o;cloudType=Multitenant;environment=Prod_southeastasia_prod-s01-064-apac-southeastasia;migrationStage=NotStarted}
{"logTime": "0503/171046", "correlationVector":"6d9ooTRibEPbhde4ZEouCc","action":"Initial GetUpdates", "result":"", "context":Reason: NEWLY_SUPPORTED_DATATYPE. cV=6d9ooTRibEPbhde4ZEouCc}
{"logTime": "0503/171047", "correlationVector":"6d9ooTRibEPbhde4ZEouCc.1","action":"SyncServerConnectionManagerRequest", "result":"SYNC_SERVER_OK", "context":{"environment":"Prod_southeastasia_prod-s01-064-apac-southeastasia", "migrationStage":"NotStarted", "server":"akswtt000000006"}}
{"logTime": "0503/171047", "correlationVector":"6d9ooTRibEPbhde4ZEouCc.2","action":"GetUpdates Response", "result":"Success", "context":Received 0 update(s). cV=6d9ooTRibEPbhde4ZEouCc.0;server=akswtt000000006;cloudType=Multitenant;environment=Prod_southeastasia_prod-s01-064-apac-southeastasia;migrationStage=NotStarted}
{"logTime": "0503/171047", "correlationVector":"sIuUIkX6J0MhqnMTbDyouy","action":"Initial GetUpdates", "result":"", "context":Reason: NEWLY_SUPPORTED_DATATYPE. cV=sIuUIkX6J0MhqnMTbDyouy}
{"logTime": "0503/171047", "correlationVector":"sIuUIkX6J0MhqnMTbDyouy.1","action":"SyncServerConnectionManagerRequest", "result":"SYNC_SERVER_OK", "context":{"environment":"Prod_southeastasia_prod-s01-064-apac-southeastasia", "migrationStage":"NotStarted", "server":"akswtt000000004"}}
{"logTime": "0503/171047", "correlationVector":"sIuUIkX6J0MhqnMTbDyouy.2","action":"ProcessGetUpdates", "result":"Done", "context":{"dataType":"Bookmarks", "deleted":"0", "process_failed_to_decrypt":"0", "process_pending_decryption":"0", "process_success":"6", "total":"6"}}
{"logTime": "0503/171047", "correlationVector":"sIuUIkX6J0MhqnMTbDyouy.3","action":"GetUpdates Response", "result":"Success", "context":Received 6 update(s). cV=sIuUIkX6J0MhqnMTbDyouy.0;server=akswtt000000004;cloudType=Multitenant;environment=Prod_southeastasia_prod-s01-064-apac-southeastasia;migrationStage=NotStarted}
{"logTime": "0503/171047", "correlationVector":"03Vo5BmWUEfjybHuKqa3Vq","action":"Initial GetUpdates", "result":"", "context":Reason: NEWLY_SUPPORTED_DATATYPE. cV=03Vo5BmWUEfjybHuKqa3Vq}
{"logTime": "0503/171047", "correlationVector":"03Vo5BmWUEfjybHuKqa3Vq.1","action":"SyncServerConnectionManagerRequest", "result":"SYNC_SERVER_OK", "context":{"environment":"Prod_southeastasia_prod-s01-064-apac-southeastasia", "migrationStage":"NotStarted", "server":"akswtt000000010"}}
{"logTime": "0503/171047", "correlationVector":"03Vo5BmWUEfjybHuKqa3Vq.2","action":"ProcessGetUpdates", "result":"Done", "context":{"dataType":"Autofill", "deleted":"0", "process_failed_to_decrypt":"0", "process_pending_decryption":"0", "process_success":"1", "total":"1"}}
{"logTime": "0503/171047", "correlationVector":"03Vo5BmWUEfjybHuKqa3Vq.3","action":"GetUpdates Response", "result":"Success", "context":Received 1 update(s). cV=03Vo5BmWUEfjybHuKqa3Vq.0;server=akswtt000000010;cloudType=Multitenant;environment=Prod_southeastasia_prod-s01-064-apac-southeastasia;migrationStage=NotStarted}
{"logTime": "0503/171047", "correlationVector":"M0DEBpX+asNboEDP//sF81","action":"Initial GetUpdates", "result":"", "context":Reason: NEWLY_SUPPORTED_DATATYPE. cV=M0DEBpX+asNboEDP//sF81}
{"logTime": "0503/171047", "correlationVector":"M0DEBpX+asNboEDP//sF81.1","action":"SyncServerConnectionManagerRequest", "result":"SYNC_SERVER_OK", "context":{"environment":"Prod_southeastasia_prod-s01-064-apac-southeastasia", "migrationStage":"NotStarted", "server":"akswtt000000003"}}
{"logTime": "0503/171047", "correlationVector":"M0DEBpX+asNboEDP//sF81.2","action":"GetUpdates Response", "result":"Success", "context":Received 0 update(s). cV=M0DEBpX+asNboEDP//sF81.0;server=akswtt000000003;cloudType=Multitenant;environment=Prod_southeastasia_prod-s01-064-apac-southeastasia;migrationStage=NotStarted}
{"logTime": "0503/171048", "correlationVector":"Yn+Zev/pqRLuqgT9zU84AB","action":"Normal GetUpdate request", "result":"", "context":cV=Yn+Zev/pqRLuqgT9zU84AB
Nudged types: Sessions, Device Info, User Consents, Encryption Keys
Refresh requested types: Bookmarks, Preferences, Passwords, Autofill Profiles, Autofill, Extensions, Sessions, Extension settings, History Delete Directives, Device Info, User Consents, Send Tab To Self, Web Apps, History, Saved Tab Group, WebAuthn Credentials, Collection, Edge E Drop, Edge Hub App Usage, Edge Wallet, Edge Workspace, Encryption Keys}
{"logTime": "0503/171048", "correlationVector":"Yn+Zev/pqRLuqgT9zU84AB.1","action":"SyncServerConnectionManagerRequest", "result":"SYNC_SERVER_OK", "context":{"environment":"Prod_southeastasia_prod-s01-064-apac-southeastasia", "migrationStage":"NotStarted", "server":"akswtt000000010"}}
{"logTime": "0503/171048", "correlationVector":"Yn+Zev/pqRLuqgT9zU84AB.2","action":"GetUpdates Response", "result":"Success", "context":Received 0 update(s). cV=Yn+Zev/pqRLuqgT9zU84AB.0;server=akswtt000000010;cloudType=Multitenant;environment=Prod_southeastasia_prod-s01-064-apac-southeastasia;migrationStage=NotStarted}
{"logTime": "0503/171048", "correlationVector":"MlZs45wTPYahPtZpRLcFUP","action":"AAD.Mip.Pack:", "result":"Fail", "context":MIP_CLOUD_COMMERCIAL:Service disabled}
{"logTime": "0503/171048", "correlationVector":"MlZs45wTPYahPtZpRLcFUP.0","action":"AAD.AddCommitKey", "result":"Fail", "context":MIP service disabled. Tags: . Emails: ["intern.melissa@alto.id"]}
{"logTime": "0503/171133", "correlationVector":"fedNjZUHSRktHKAXN51pHn","action":"Normal GetUpdate request", "result":"", "context":cV=fedNjZUHSRktHKAXN51pHn
Nudged types: Sessions, Device Info, User Consents, History, Encryption Keys
Refresh requested types: Bookmarks, Preferences, Passwords, Autofill Profiles, Autofill, Extensions, Sessions, Extension settings, History Delete Directives, Device Info, User Consents, Send Tab To Self, Web Apps, History, Saved Tab Group, WebAuthn Credentials, Collection, Edge E Drop, Edge Hub App Usage, Edge Wallet, Edge Workspace, Encryption Keys}
{"logTime": "0503/171133", "correlationVector":"fedNjZUHSRktHKAXN51pHn.1","action":"SyncServerConnectionManagerRequest", "result":"SYNC_SERVER_OK", "context":{"environment":"Prod_southeastasia_prod-s01-064-apac-southeastasia", "migrationStage":"NotStarted", "server":"akswtt00000000o"}}
{"logTime": "0503/171133", "correlationVector":"fedNjZUHSRktHKAXN51pHn.2","action":"GetUpdates Response", "result":"Success", "context":Received 0 update(s). cV=fedNjZUHSRktHKAXN51pHn.0;server=akswtt00000000o;cloudType=Multitenant;environment=Prod_southeastasia_prod-s01-064-apac-southeastasia;migrationStage=NotStarted}
{"logTime": "0503/171133", "correlationVector":"ZqQ9mks2NrOCUb1PKel5H0","action":"AAD.Mip.Pack:", "result":"Fail", "context":MIP_CLOUD_COMMERCIAL:Service disabled}
{"logTime": "0503/171133", "correlationVector":"ZqQ9mks2NrOCUb1PKel5H0.0","action":"AAD.AddCommitKey", "result":"Fail", "context":MIP service disabled. Tags: . Emails: ["intern.melissa@alto.id"]}
{"logTime": "0503/171218", "correlationVector":"yYxh0yIK6Fq27BghIead//","action":"Normal GetUpdate request", "result":"", "context":cV=yYxh0yIK6Fq27BghIead//
Nudged types: Sessions, Device Info, User Consents, History, Encryption Keys
Refresh requested types: Bookmarks, Preferences, Passwords, Autofill Profiles, Autofill, Extensions, Sessions, Extension settings, History Delete Directives, Device Info, User Consents, Send Tab To Self, Web Apps, History, Saved Tab Group, WebAuthn Credentials, Collection, Edge E Drop, Edge Hub App Usage, Edge Wallet, Edge Workspace, Encryption Keys}
{"logTime": "0503/171219", "correlationVector":"yYxh0yIK6Fq27BghIead//.1","action":"SyncServerConnectionManagerRequest", "result":"SYNC_SERVER_OK", "context":{"environment":"Prod_southeastasia_prod-s01-064-apac-southeastasia", "migrationStage":"NotStarted", "server":"akswtt00000000b"}}
{"logTime": "0503/171219", "correlationVector":"yYxh0yIK6Fq27BghIead//.2","action":"GetUpdates Response", "result":"Success", "context":Received 0 update(s). cV=yYxh0yIK6Fq27BghIead//.0;server=akswtt00000000b;cloudType=Multitenant;environment=Prod_southeastasia_prod-s01-064-apac-southeastasia;migrationStage=NotStarted}
